------------------------------------------------------------
Timing Analyzer Summary
------------------------------------------------------------

Type  : Slow 1200mV 85C Model Setup 'Clk'
Slack : -4.672
TNS   : -64.100

Type  : Slow 1200mV 85C Model Hold 'Clk'
Slack : 0.365
TNS   : 0.000

Type  : Slow 1200mV 85C Model Recovery 'Clk'
Slack : -0.643
TNS   : -8.618

Type  : Slow 1200mV 85C Model Removal 'Clk'
Slack : 0.572
TNS   : 0.000

Type  : Slow 1200mV 85C Model Minimum Pulse Width 'Clk'
Slack : -3.000
TNS   : -53.115

Type  : Slow 1200mV 0C Model Setup 'Clk'
Slack : -4.102
TNS   : -55.270

Type  : Slow 1200mV 0C Model Hold 'Clk'
Slack : 0.338
TNS   : 0.000

Type  : Slow 1200mV 0C Model Recovery 'Clk'
Slack : -0.477
TNS   : -6.020

Type  : Slow 1200mV 0C Model Removal 'Clk'
Slack : 0.512
TNS   : 0.000

Type  : Slow 1200mV 0C Model Minimum Pulse Width 'Clk'
Slack : -3.000
TNS   : -53.115

Type  : Fast 1200mV 0C Model Setup 'Clk'
Slack : -1.762
TNS   : -19.911

Type  : Fast 1200mV 0C Model Hold 'Clk'
Slack : 0.142
TNS   : 0.000

Type  : Fast 1200mV 0C Model Recovery 'Clk'
Slack : 0.176
TNS   : 0.000

Type  : Fast 1200mV 0C Model Removal 'Clk'
Slack : 0.287
TNS   : 0.000

Type  : Fast 1200mV 0C Model Minimum Pulse Width 'Clk'
Slack : -3.000
TNS   : -44.693

------------------------------------------------------------
